{
  "format": "mille-feuilles-import-report",
  "version": "1",
  "status": "pass",
  "manifest_sha256": "9bef1201268a8ca77ad667f655d80b135dc4cdba98305a7b004dbfc29f6e53a3",
  "accepted": [
    {
      "asset_id": "text_ae65b949d99da22794ec",
      "source_document_id": "original-ambre-advertisement-deux",
      "source_group_id": "group-ambre",
      "role": "advertisement",
      "sha256": "072ef397bc7d58cd46e7e8e8553e2a7eee686f97d1d81e2c91bf23d6795698ee"
    },
    {
      "asset_id": "text_06cfc118afc868c398fe",
      "source_document_id": "original-ambre-advertisement-un",
      "source_group_id": "group-ambre",
      "role": "advertisement",
      "sha256": "f1017456c0222e55a5c2fc259fbd6d4a5fa076c54c897e635a81b40b58dc96b6"
    },
    {
      "asset_id": "text_4844f092d4c6054171c2",
      "source_document_id": "original-ambre-body-deux",
      "source_group_id": "group-ambre",
      "role": "body",
      "sha256": "7d23c936f863b4b98d3f47dac2fc6c4dd379f61609ba67b23852ecaeae95c2d2"
    },
    {
      "asset_id": "text_381d5e11f0a74b844f66",
      "source_document_id": "original-ambre-body-un",
      "source_group_id": "group-ambre",
      "role": "body",
      "sha256": "5435bf3f8c86f3b06ae7f27145b7edb378049429960480e1e4cd7fb94cc80cac"
    },
    {
      "asset_id": "text_a7307bd189109df3dd23",
      "source_document_id": "original-ambre-title-deux",
      "source_group_id": "group-ambre",
      "role": "title",
      "sha256": "00b8a4f3d24d0202af47bba6a5a40c888641d5c9d9612580f073c74fd9313b80"
    },
    {
      "asset_id": "text_4cfafda421b7999ebb1b",
      "source_document_id": "original-ambre-title-un",
      "source_group_id": "group-ambre",
      "role": "title",
      "sha256": "c6237c1c4b7ff98d2a02613d44da78406909b1114498b596a72b30b3e5580e9b"
    },
    {
      "asset_id": "text_fe701dd8847b6daf84b7",
      "source_document_id": "original-azur-advertisement-deux",
      "source_group_id": "group-azur",
      "role": "advertisement",
      "sha256": "8c5c497adc82318eced299d7a3a0b69e07c200a02f3a0d415bc343e7483e15fa"
    },
    {
      "asset_id": "text_1a91fe98843f71c9ebe3",
      "source_document_id": "original-azur-advertisement-un",
      "source_group_id": "group-azur",
      "role": "advertisement",
      "sha256": "4a797adb787941fd9e30a60df55c77ac7e966ac0d1457e68938be10c6ba416da"
    },
    {
      "asset_id": "text_734c63c359bd7e23b7ab",
      "source_document_id": "original-azur-body-deux",
      "source_group_id": "group-azur",
      "role": "body",
      "sha256": "b2700e1c397cf61a6c7fa3826a547601b179dcf963334d1fa193abcb56605271"
    },
    {
      "asset_id": "text_8067a90e3312a0117474",
      "source_document_id": "original-azur-body-un",
      "source_group_id": "group-azur",
      "role": "body",
      "sha256": "612826739e150fc5798a78f03e6978a5e5aaeb14689875115286eeda2a09b0bb"
    },
    {
      "asset_id": "text_10fb3e250a878720dcff",
      "source_document_id": "original-azur-title-deux",
      "source_group_id": "group-azur",
      "role": "title",
      "sha256": "b2a613e665d90a1721fe3f8c48841c8a6080872e6f1833ff7042ab6e518a9f4a"
    },
    {
      "asset_id": "text_4211937d2c1a1cab20b0",
      "source_document_id": "original-azur-title-un",
      "source_group_id": "group-azur",
      "role": "title",
      "sha256": "13c3df0aaf6f32b6a21b559f6629175e679a726d4cd047c2231686b7ec22fc88"
    },
    {
      "asset_id": "text_ac0a7893da41a1f748c7",
      "source_document_id": "original-cedre-advertisement-deux",
      "source_group_id": "group-cedre",
      "role": "advertisement",
      "sha256": "940a3fa7c94c12548106ca5bcd96980f8785ecd402ad4086f2d206518fedac89"
    },
    {
      "asset_id": "text_229995e574036f4ef216",
      "source_document_id": "original-cedre-advertisement-un",
      "source_group_id": "group-cedre",
      "role": "advertisement",
      "sha256": "ff0ed6a59b60894b03d508dd0327714d4415b86149b08816530749b49c32ba24"
    },
    {
      "asset_id": "text_9ebbdec4f8a6b068ed5f",
      "source_document_id": "original-cedre-body-deux",
      "source_group_id": "group-cedre",
      "role": "body",
      "sha256": "59c8949affc6cc61be9226704d8b995d104fded8ab0df1f150ac5bc0ce9b8ba4"
    },
    {
      "asset_id": "text_9fd495788e7fff7eb8ac",
      "source_document_id": "original-cedre-body-un",
      "source_group_id": "group-cedre",
      "role": "body",
      "sha256": "c75a8aa1ff928de08b876064481d191f51386d8d8396bed2232899ed1b515704"
    },
    {
      "asset_id": "text_57520b83872a96f9b0ab",
      "source_document_id": "original-cedre-title-deux",
      "source_group_id": "group-cedre",
      "role": "title",
      "sha256": "042a5a07b1fce0bad7b1032fc37141f14ead6f8e9336d354e5dfbbedf9408b82"
    },
    {
      "asset_id": "text_c0d4d9a88a1984124b92",
      "source_document_id": "original-cedre-title-un",
      "source_group_id": "group-cedre",
      "role": "title",
      "sha256": "5202fcc1679261f9c9777afb4fc7c1818f8a5072796133d8ce8de6102e3d3cb3"
    }
  ],
  "rejected": [
    {
      "line": 19,
      "source_document_id": "excluded-original-identity",
      "reasons": [
        "document exclu par la liste de documents protégés"
      ]
    },
    {
      "line": 20,
      "source_document_id": "excluded-original-ngram",
      "reasons": [
        "document exclu : n-gramme protégé"
      ]
    }
  ],
  "missing_roles": [],
  "catalog_errors": [],
  "exclusions": {
    "documents": {
      "status": "evaluated",
      "sha256": "f0cdbdadc5387ad6251774f182c8d085503642a46b3c731f7bfb394e60e50c88",
      "entries": 1
    },
    "ngrams": {
      "status": "evaluated",
      "sha256": "30b175339c7fdfd3ff47ce4b2164b40325fade464f6a2bd8f75c3593f8d3483e",
      "n": 8,
      "normalization": "nfc-casefold-word-v1",
      "hashes": 1
    }
  },
  "external_protection": "evaluated",
  "external_protection_note": "Protection contre les fuites évaluée seulement pour les listes fournies.",
  "limits": {
    "manifest_bytes": 16777216,
    "documents": 5000,
    "document_bytes": 8388608,
    "total_text_bytes": 268435456,
    "evidence_bytes": 16777216,
    "identifier_chars": 256,
    "document_exclusion_bytes": 67108864,
    "ngram_exclusion_bytes": 268435456
  }
}
